// Jest Snapshot v1, https://goo.gl/fbAQLP

exports[`IconButton should render successfully 1`] = `
<body>
  <div>
    <button
      class="rounded-small disabled:bg-slate-200 disabled:text-slate-400 disabled:border-slate-200 text-black border-black"
    >
      <svg
        fill="currentColor"
        height="1em"
        viewBox="0 0 256 256"
        width="1em"
        xmlns="http://www.w3.org/2000/svg"
      >
        <path
          d="M232,184a8,8,0,0,1-16,0A88,88,0,0,0,65.78,121.78L43.4,144H88a8,8,0,0,1,0,16H24a8,8,0,0,1-8-8V88a8,8,0,0,1,16,0v44.77l22.48-22.33A104,104,0,0,1,232,184Z"
        />
      </svg>
    </button>
  </div>
</body>
`;
