// Jest Snapshot v1, https://goo.gl/fbAQLP

exports[`HorizontalStack should render successfully 1`] = `
<body>
  <div>
    <div
      class="flex justify-normal items-stretch"
    />
  </div>
</body>
`;
