// Jest Snapshot v1, https://goo.gl/fbAQLP

exports[`TableHeaderCell should render successfully 1`] = `
<body>
  <div>
    <div
      class="mr-5 flex flex-col gap-1 text-start"
    >
      <div />
      <h2 />
    </div>
  </div>
</body>
`;
