// Jest Snapshot v1, https://goo.gl/fbAQLP

exports[`Logo should render successfully 1`] = `
<body>
  <div>
    <a
      class="relative text-2xl font-bold before:hover:w-0"
      href="/"
    >
      routist.
    </a>
  </div>
</body>
`;
