// Jest Snapshot v1, https://goo.gl/fbAQLP

exports[`Tooltip should render successfully 1`] = `
<body>
  <div>
    <button
      data-state="closed"
    >
      some tooltip
    </button>
  </div>
</body>
`;
