// Jest Snapshot v1, https://goo.gl/fbAQLP

exports[`Text should render successfully 1`] = `
<body>
  <div>
    <p
      class="text-black text-md"
    />
  </div>
</body>
`;
