// Jest Snapshot v1, https://goo.gl/fbAQLP

exports[`MainSubheadline should render successfully 1`] = `
<body>
  <div>
    <div
      class="text-2xl lg:mt-2 undefined"
    />
  </div>
</body>
`;
