// Jest Snapshot v1, https://goo.gl/fbAQLP

exports[`TableBody should render successfully 1`] = `
<body>
  <div>
    <tbody />
  </div>
</body>
`;
