// Jest Snapshot v1, https://goo.gl/fbAQLP

exports[`Divider should render successfully 1`] = `
<body>
  <div>
    <hr
      class="w-full border-black"
    />
  </div>
</body>
`;
