// Jest Snapshot v1, https://goo.gl/fbAQLP

exports[`Container should render successfully 1`] = `
<body>
  <div>
    <div
      class=""
    />
  </div>
</body>
`;
