// Jest Snapshot v1, https://goo.gl/fbAQLP

exports[`Button should render successfully 1`] = `
<body>
  <div>
    <button
      class="flex items-center gap-2 rounded-small disabled:bg-slate-200 disabled:text-slate-400 disabled:border-slate-200 text-black text-base py-2 px-6 border border-black bg-black text-slate-50"
    />
  </div>
</body>
`;
