// Jest Snapshot v1, https://goo.gl/fbAQLP

exports[`TableHeader should render successfully 1`] = `
<body>
  <div>
    <thead />
  </div>
</body>
`;
