// Jest Snapshot v1, https://goo.gl/fbAQLP

exports[`Link should render successfully 1`] = `
<body>
  <div>
    <a
      class="relative"
      href=""
    />
  </div>
</body>
`;
