// Jest Snapshot v1, https://goo.gl/fbAQLP

exports[`MainHeadline should render successfully 1`] = `
<body>
  <div>
    <h1
      class="text-4xl lg:text-5xl lg:leading-[1.1] undefined"
    />
  </div>
</body>
`;
